
> dontknow@0.1.0 build
> next build

Γû▓ Next.js 16.2.7 (Turbopack)

  Creating an optimized production build ...
node.exe : (node:1280) [DEP0205] DeprecationWarning: `module.register()` is deprecated. Use `module.registerHooks()` 
instead.
At line:1 char:1
+ & "C:\Program Files\nodejs/node.exe" "C:\Program Files\nodejs/node_mo ...
+ ~~~~~~~~~~~~~~~~~~~~~~~~~~~~~~~~~~~~~~~~~~~~~~~~~~~~~~~~~~~~~~~~~~~~~
    + CategoryInfo          : NotSpecified: ((node:1280) [DE...oks()` instead.:String) [], RemoteException
    + FullyQualifiedErrorId : NativeCommandError
 
(Use `node --trace-deprecation ...` to show where the warning was created)
Γ£ô Compiled successfully in 5.8s
  Running TypeScript ...

<--- Last few GCs --->

[6752:000001E05A57E000]     2321 ms: Scavenge (during sweeping) 173.3 (206.9) -> 159.4 (218.6) MB, pooled: 0.0 MB, 
19.43 / 0.00 ms (average mu = 0.990, current mu = 0.990) allocation failure; 
[6752:000001E05A57E000]     2374 ms: Scavenge (during sweeping) 185.4 (219.1) -> 169.4 (225.8) MB, pooled: 0.0 MB, 
9.60 / 0.00 ms (average mu = 0.990, current mu = 0.990) allocation failure; 


<--- Last few GCs --->

[6752:000001E05A57E000]     2321 ms: Scavenge (during sweeping) 173.3 (206.9) -> 159.4 (218.6) MB, pooled: 0.0 MB, 
19.43 / 0.00 ms (average mu = 0.990, current mu = 0.990) allocation failure; 
[6752:000001E05A57E000]     2374 ms: Scavenge (during sweeping) 185.4 (219.1) -> 169.4 (225.8) MB, pooled: 0.0 MB, 
9.60 / 0.00 ms (average mu = 0.990, current mu = 0.990) allocation failure; 


<--- Last few GCs --->

[6752:000001E05A57E000]     2321 ms: Scavenge (during sweeping) 173.3 (206.9) -> 159.4 (218.6) MB, pooled: 0.0 MB, 
19.43 / 0.00 ms (average mu = 0.990, current mu = 0.990) allocation failure; 
[6752:000001E05A57E000]     2374 ms: Scavenge (during sweeping) 185.4 (219.1) -> 169.4 (225.8) MB, pooled: 0.0 MB, 
9.60 / 0.00 ms (average mu = 0.990, current mu = 0.990) allocation failure; 


<--- Last few GCs --->

[6752:000001E05A57E000]     2321 ms: Scavenge (during sweeping) 173.3 (206.9) -> 159.4 (218.6) MB, pooled: 0.0 MB, 
19.43 / 0.00 ms (average mu = 0.990, current mu = 0.990) allocation failure; 
[6752:000001E05A57E000]     2374 ms: Scavenge (during sweeping) 185.4 (219.1) -> 169.4 (225.8) MB, pooled: 0.0 MB, 
9.60 / 0.00 ms (average mu = 0.990, current mu = 0.990) allocation failure; 

FATAL ERROR: MarkCompactCollector: young object promotion failed Allocation failed - JavaScript heap out of memory
----- Native stack trace -----

FATAL ERROR: MarkCompactCollector: young object promotion failed Allocation failed - JavaScript heap out of memory
----- Native stack trace -----

FATAL ERROR: MarkCompactCollector: young object promotion failed Allocation failed - JavaScript heap out of memory
----- Native stack trace -----

FATAL ERROR: MarkCompactCollector: young object promotion failed Allocation failed - JavaScript heap out of memory
----- Native stack trace -----


<--- Last few GCs --->

[6752:000001E05A57E000]     2321 ms: Scavenge (during sweeping) 173.3 (206.9) -> 159.4 (218.6) MB, pooled: 0.0 MB, 
19.43 / 0.00 ms (average mu = 0.990, current mu = 0.990) allocation failure; 
[6752:000001E05A57E000]     2374 ms: Scavenge (during sweeping) 185.4 (219.1) -> 169.4 (225.8) MB, pooled: 0.0 MB, 
9.60 / 0.00 ms (average mu = 0.990, current mu = 0.990) allocation failure; 

FATAL ERROR: MarkCompactCollector: young object promotion failed Allocation failed - JavaScript heap out of memory
----- Native stack trace -----

 1: 00007FF64AF54519 
 2: 00007FF64978BF1A 
 3: 00007FF64958C737 
 4: 00007FF649557E8D 
 1: 00007FF64AF54519 
 5: 00007FF649557977 
 2: 00007FF64978BF1A 
 6: 00007FF649557571 
 3: 00007FF64958C737 
 7: 00007FF6495714D8 
 4: 00007FF649557E8D 
 8: 00007FF64A06064F 
 5: 00007FF649557977 
 9: 00007FF64AE9489B 
 6: 00007FF649557571 
10: 00007FF6497E1C46 
 7: 00007FF6495714D8 
11: 00007FF64B2B80A3 
 8: 00007FF64A06064F 
12: 00007FFC975BE957 
 9: 00007FF64AE9489B 
13: 00007FFC98687C1C 
10: 00007FF6497E1C46 
11: 00007FF64B2B80A3 
12: 00007FFC975BE957 
13: 00007FFC98687C1C 
Next.js build worker exited with code: 134 and signal: null
